../Core/Src/main.c:115:6:HAL_TIM_PWM_PulseFinishedCallback	16	static
../Core/Src/main.c:125:6:HAL_UARTEx_RxEventCallback	16	static
../Core/Src/main.c:148:5:main	8	static
../Core/Src/main.c:233:6:SystemClock_Config	64	static
../Core/Src/main.c:270:13:MX_SPI1_Init	8	static
../Core/Src/main.c:310:13:MX_TIM1_Init	120	static
../Core/Src/main.c:403:13:MX_TIM3_Init	40	static
../Core/Src/main.c:449:13:MX_USART1_UART_Init	8	static
../Core/Src/main.c:495:13:MX_DMA_Init	16	static
../Core/Src/main.c:516:13:MX_GPIO_Init	16	static
../Core/Src/main.c:536:6:Error_Handler	8	static,ignoring_inline_asm
